[2026-07-31T10:32:17.809Z] POST /api/orders -> 201
[2026-07-31T10:32:25.404Z] GET /api/orders -> 200
[2026-07-31T10:32:29.291Z] GET /api/orders -> 200
[2026-07-31T10:33:35.612Z] GET /api/orders/stats -> 200
[2026-07-31T10:34:36.211Z] POST /api/orders/ -> 404
[2026-07-31T10:34:43.505Z] POST /api/orders -> 400
[2026-07-31T10:34:44.924Z] POST /api/orders -> 400
[2026-07-31T10:35:33.304Z] POST /api/orders -> 400
[2026-07-31T10:35:46.752Z] POST /api/orders -> 400
[2026-07-31T10:35:47.377Z] POST /api/orders -> 400
[2026-07-31T10:35:47.570Z] POST /api/orders -> 400
[2026-07-31T10:35:47.742Z] POST /api/orders -> 400
[2026-07-31T10:35:47.927Z] POST /api/orders -> 400
[2026-07-31T10:35:48.350Z] POST /api/orders -> 400
[2026-07-31T10:37:21.082Z] POST /api/orders -> 400
[2026-07-31T10:37:29.522Z] POST /api/orders -> 201
[2026-07-31T10:37:53.485Z] POST /api/orders -> 400
[2026-07-31T10:37:58.444Z] POST /api/orders -> 201
[2026-07-31T10:38:04.659Z] GET /api/orders -> 200
[2026-07-31T12:28:46.439Z] GET /notification.png -> 404
[2026-07-31T12:28:46.466Z] GET /notification.png -> 404
